[01:44:54] [ServerMain/INFO]: Environment: authHost='https://authserver.mojang.com', accountsHost='https://api.mojang.com', sessionHost='https://sessionserver.mojang.com', servicesHost='https://api.minecraftservices.com', name='PROD'
[01:44:55] [ServerMain/INFO]: Found new data pack file/bukkit, loading it automatically
[01:44:58] [ServerMain/INFO]: Loaded 7 recipes
[01:44:58] [Server thread/INFO]: Starting minecraft server version 1.20.1
[01:44:58] [Server thread/INFO]: Loading properties
[01:44:58] [Server thread/INFO]: This server is running Paper version git-Paper-196 (MC: 1.20.1) (Implementing API version 1.20.1-R0.1-SNAPSHOT) (Git: 773dd72)
[01:44:59] [Server thread/INFO]: Server Ping Player Sample Count: 12
[01:44:59] [Server thread/INFO]: Using 4 threads for Netty based IO
[01:44:59] [Server thread/INFO]: [ChunkTaskScheduler] Chunk system is using 1 I/O threads, 1 worker threads, and gen parallelism of 1 threads
[01:44:59] [Server thread/WARN]: [!] The timings profiler has been enabled but has been scheduled for removal from Paper in the future.
    We recommend installing the spark profiler as a replacement: https://spark.lucko.me/
    For more information please visit: https://github.com/PaperMC/Paper/issues/8948
[01:44:59] [Server thread/INFO]: Default game type: SURVIVAL
[01:44:59] [Server thread/INFO]: Generating keypair
[01:45:00] [Server thread/INFO]: Starting Minecraft server on *:25565
[01:45:00] [Server thread/INFO]: Using epoll channel type
[01:45:00] [Server thread/INFO]: Paper: Using libdeflate (Linux x86_64) compression from Velocity.
[01:45:00] [Server thread/INFO]: Paper: Using OpenSSL 3.0.x (Linux x86_64) cipher from Velocity.
[01:45:00] [Server thread/WARN]: **** SERVER IS RUNNING IN OFFLINE/INSECURE MODE!
[01:45:00] [Server thread/WARN]: The server will make no attempt to authenticate usernames. Beware.
[01:45:00] [Server thread/WARN]: While this makes the game possible to play without internet access, it also opens up the ability for hackers to connect with any username they choose.
[01:45:00] [Server thread/WARN]: To change this, set "online-mode" to "true" in the server.properties file.
[01:45:00] [Server thread/INFO]: Preparing level "world"
[01:45:09] [Server thread/INFO]: Preparing start region for dimension minecraft:overworld
[01:45:09] [Server thread/INFO]: Time elapsed: 135 ms
[01:45:09] [Server thread/INFO]: Preparing start region for dimension minecraft:the_nether
[01:45:09] [Server thread/INFO]: Time elapsed: 62 ms
[01:45:09] [Server thread/INFO]: Preparing start region for dimension minecraft:the_end
[01:45:09] [Server thread/INFO]: Time elapsed: 72 ms
[01:45:09] [Server thread/INFO]: Running delayed init tasks
[01:45:09] [Server thread/INFO]: Done (11.177s)! For help, type "help"
[01:45:09] [Server thread/INFO]: Timings Reset
[01:50:02] [User Authenticator #0/INFO]: UUID of player BritoHDZ is 5d42d367-7b7b-38fd-b155-8f085e1cc18a
[01:50:02] [Server thread/INFO]: BritoHDZ joined the game
[01:50:02] [Server thread/INFO]: BritoHDZ[/127.19.110.236:57051] logged in with entity id 546 at ([world]-132.5, 67.0, -174.5)
[01:51:04] [Server thread/INFO]: BritoHDZ lost connection: Disconnected
[01:51:04] [Server thread/INFO]: BritoHDZ left the game
[01:54:15] [Server thread/INFO]: CONSOLE: Are you sure you wish to reload your server? Doing so may cause bugs and memory leaks. It is recommended to restart instead of using /reload. To confirm, please type /reload confirm
[01:54:22] [Server thread/INFO]: CONSOLE: Please note that this command is not supported and may cause issues when using some plugins.
[01:54:22] [Server thread/INFO]: CONSOLE: If you encounter any issues please use the /stop command to restart your server.
[01:54:22] [Server thread/INFO]: Server Ping Player Sample Count: 12
[01:54:22] [Server thread/INFO]: Using 4 threads for Netty based IO
[01:54:22] [Server thread/INFO]: Loaded 7 recipes
[01:54:23] [Server thread/INFO]: Server permissions file permissions.yml is empty, ignoring it
[01:54:23] [Server thread/INFO]: CONSOLE: Reload complete.
[01:54:23] [Server thread/INFO]: Timings Reset
[01:54:31] [User Authenticator #1/INFO]: UUID of player BritoHDZ is 5d42d367-7b7b-38fd-b155-8f085e1cc18a
[01:54:31] [Server thread/INFO]: BritoHDZ joined the game
[01:54:31] [Server thread/INFO]: BritoHDZ[/127.19.110.236:56085] logged in with entity id 799 at ([world]-139.32351285944495, 70.0, -159.82496580319562)
[01:54:34] [Server thread/INFO]: BritoHDZ lost connection: Disconnected
[01:54:34] [Server thread/INFO]: BritoHDZ left the game
